// Jest Snapshot v1, https://goo.gl/fbAQLP

exports[`App snapshot renders the loading screen 1`] = `null`;

exports[`App snapshot renders the root without loading screen 1`] = `
<View
  style={
    Object {
      "backgroundColor": "#fff",
      "flex": 1,
    }
  }
>
  <View
    onLayout={[Function]}
    style={
      Object {
        "flex": 1,
      }
    }
  >
    <View
      enabled={false}
      hitSlop={
        Object {
          "right": 50,
        }
      }
      maxDeltaY={20}
      minOffsetX={5}
      onGestureEvent={[Function]}
      onHandlerStateChange={[Function]}
    >
      <View
        style={
          Object {
            "backgroundColor": "#eee",
            "flex": 1,
            "flexDirection": "column-reverse",
            "overflow": "hidden",
          }
        }
      >
        <View
          style={
            Object {
              "flex": 1,
            }
          }
        >
          <View
            pointerEvents="auto"
            style={
              Object {
                "bottom": 0,
                "left": 0,
                "opacity": 1,
                "position": "absolute",
                "right": 0,
                "top": 0,
                "transform": Array [
                  Object {
                    "translateX": 0,
                  },
                  Object {
                    "translateY": 0,
                  },
                ],
              }
            }
          >
            <View
              accessibilityElementsHidden={false}
              style={
                Object {
                  "backgroundColor": "#fff",
                  "flex": 1,
                }
              }
            >
              <View
                style={
                  Object {
                    "alignItems": "center",
                    "backgroundColor": "#fff",
                    "flex": 1,
                    "justifyContent": "center",
                  }
                }
              >
                <View
                  style={
                    Object {
                      "backgroundColor": "#bcbbc1",
                      "height": "2%",
                    }
                  }
                />
                <Image
                  source={1}
                  style={
                    Object {
                      "height": "25%",
                      "width": "40%",
                    }
                  }
                />
                <View
                  style={
                    Object {
                      "backgroundColor": "#fff",
                      "height": "20%",
                    }
                  }
                />
                <View
                  style={
                    Object {
                      "maxWidth": "60%",
                      "minWidth": "60%",
                    }
                  }
                >
                  <View
                    style={
                      Object {
                        "backgroundColor": "rgba(0, 0, 0, 0.12)",
                        "borderColor": "transparent",
                        "borderRadius": 4,
                        "borderStyle": "solid",
                        "borderWidth": 0,
                        "elevation": 0,
                        "minWidth": 64,
                      }
                    }
                  >
                    <View
                      accessibilityRole="button"
                      accessibilityStates={
                        Array [
                          "disabled",
                        ]
                      }
                      accessible={true}
                      isTVSelectable={true}
                      onResponderGrant={[Function]}
                      onResponderMove={[Function]}
                      onResponderRelease={[Function]}
                      onResponderTerminate={[Function]}
                      onResponderTerminationRequest={[Function]}
                      onStartShouldSetResponder={[Function]}
                      style={
                        Array [
                          Object {
                            "overflow": "hidden",
                          },
                          Object {
                            "borderRadius": 4,
                          },
                        ]
                      }
                    >
                      <View
                        style={
                          Array [
                            Object {
                              "alignItems": "center",
                              "flexDirection": "row",
                              "justifyContent": "center",
                            },
                            undefined,
                          ]
                        }
                      >
                        <Text
                          numberOfLines={1}
                          style={
                            Array [
                              Object {
                                "color": "#000000",
                                "fontFamily": "Helvetica Neue",
                                "textAlign": "left",
                                "writingDirection": "ltr",
                              },
                              Array [
                                Object {
                                  "letterSpacing": 1,
                                  "marginHorizontal": 16,
                                  "marginVertical": 9,
                                  "textAlign": "center",
                                },
                                undefined,
                                Object {
                                  "color": "rgba(0, 0, 0, 0.32)",
                                  "fontFamily": "HelveticaNeue-Medium",
                                },
                                Object {
                                  "fontFamily": "HelveticaNeue-Medium",
                                },
                              ],
                            ]
                          }
                        >
                          <Text
                            style={
                              Object {
                                "fontSize": 36,
                                "fontWeight": "bold",
                              }
                            }
                          >
                            Teacher
                          </Text>
                        </Text>
                      </View>
                    </View>
                  </View>
                  <View
                    style={
                      Object {
                        "backgroundColor": "#fff",
                        "height": "20%",
                      }
                    }
                  />
                  <View
                    style={
                      Object {
                        "backgroundColor": "#ffa500",
                        "borderColor": "transparent",
                        "borderRadius": 4,
                        "borderStyle": "solid",
                        "borderWidth": 0,
                        "elevation": 2,
                        "minWidth": 64,
                        "shadowColor": "#000000",
                        "shadowOffset": Object {
                          "height": 0.75,
                          "width": 0,
                        },
                        "shadowOpacity": 0.24,
                        "shadowRadius": 1.5,
                      }
                    }
                  >
                    <View
                      accessibilityRole="button"
                      accessible={true}
                      isTVSelectable={true}
                      onResponderGrant={[Function]}
                      onResponderMove={[Function]}
                      onResponderRelease={[Function]}
                      onResponderTerminate={[Function]}
                      onResponderTerminationRequest={[Function]}
                      onStartShouldSetResponder={[Function]}
                      style={
                        Array [
                          Object {
                            "overflow": "hidden",
                          },
                          Object {
                            "borderRadius": 4,
                          },
                        ]
                      }
                    >
                      <View
                        style={
                          Array [
                            Object {
                              "alignItems": "center",
                              "flexDirection": "row",
                              "justifyContent": "center",
                            },
                            undefined,
                          ]
                        }
                      >
                        <Text
                          numberOfLines={1}
                          style={
                            Array [
                              Object {
                                "color": "#000000",
                                "fontFamily": "Helvetica Neue",
                                "textAlign": "left",
                                "writingDirection": "ltr",
                              },
                              Array [
                                Object {
                                  "letterSpacing": 1,
                                  "marginHorizontal": 16,
                                  "marginVertical": 9,
                                  "textAlign": "center",
                                },
                                undefined,
                                Object {
                                  "color": "#000000",
                                  "fontFamily": "HelveticaNeue-Medium",
                                },
                                Object {
                                  "fontFamily": "HelveticaNeue-Medium",
                                },
                              ],
                            ]
                          }
                        >
                          <Text
                            style={
                              Object {
                                "fontSize": 36,
                                "fontWeight": "bold",
                              }
                            }
                          >
                            Student
                          </Text>
                        </Text>
                      </View>
                    </View>
                  </View>
                </View>
              </View>
            </View>
          </View>
        </View>
        <View
          onLayout={[Function]}
          pointerEvents="box-none"
          style={
            Object {
              "left": 0,
              "position": "absolute",
              "right": 0,
              "top": 0,
            }
          }
        >
          <View
            style={
              Object {
                "backgroundColor": "#FFF",
                "transform": Array [
                  Object {
                    "translateX": -750,
                  },
                ],
              }
            }
          >
            <View
              onLayout={[Function]}
              pointerEvents="box-none"
              style={
                Object {
                  "backgroundColor": "#FFF",
                  "borderBottomColor": "#A7A7AA",
                  "borderBottomWidth": 0.5,
                  "height": 64,
                  "paddingBottom": 0,
                  "paddingLeft": 0,
                  "paddingRight": 0,
                  "paddingTop": 20,
                }
              }
            >
              <View
                style={
                  Object {
                    "flex": 1,
                  }
                }
              />
            </View>
          </View>
        </View>
      </View>
    </View>
  </View>
</View>
`;
